// Jest Snapshot v1, https://goo.gl/fbAQLP

exports[`<Trade /> 1`] = `
<div>
  <div>
    <h3>
      50
      個木頭拿去交易
    </h3>
    <div
      data-testid="sell"
    >
      賣完，得到 $
      7000
    </div>
  </div>
</div>
`;
